<html>
<body>
<pre>
<h1>µVision Build Log</h1>
<h2>Project:</h2>
C:\Users\bambang\Desktop\Math_LB\Keil\Math.uvproj
Project File Date:  08/29/2018

<h2>Output:</h2>
Build target 'Math_LB'
compiling main.c...
..\main.c(10): warning:  #223-D: function "SYS_Init" declared implicitly
..\main.c(17): warning:  #1-D: last line of file ends without a newline
linking...
Program Size: Code=7528 RO-data=280 RW-data=2044 ZI-data=2148  
".\obj\Math_LB.axf" - 0 Error(s), 2 Warning(s).
Build target 'Math_LB'
compiling main.c...
..\main.c(10): warning:  #223-D: function "SYS_Init" declared implicitly
..\main.c(16): warning:  #1-D: last line of file ends without a newline
linking...
Program Size: Code=7528 RO-data=280 RW-data=2044 ZI-data=2148  
".\obj\Math_LB.axf" - 0 Error(s), 2 Warning(s).
Load "C:\\Users\\bambang\\Desktop\\Math_LB\\Keil\\obj\\Math_LB.AXF" 
Build target 'Math_LB'
compiling main.c...
..\main.c(10): warning:  #223-D: function "SYS_Init" declared implicitly
..\main.c(17): warning:  #1-D: last line of file ends without a newline
linking...
Program Size: Code=7548 RO-data=280 RW-data=2044 ZI-data=2148  
".\obj\Math_LB.axf" - 0 Error(s), 2 Warning(s).
Load "C:\\Users\\bambang\\Desktop\\Math_LB\\Keil\\obj\\Math_LB.AXF" 
Build target 'Math_LB'
compiling main.c...
..\main.c(10): warning:  #223-D: function "SYS_Init" declared implicitly
..\main.c(17): warning:  #1-D: last line of file ends without a newline
linking...
Program Size: Code=7548 RO-data=280 RW-data=2044 ZI-data=2148  
".\obj\Math_LB.axf" - 0 Error(s), 2 Warning(s).
Load "C:\\Users\\bambang\\Desktop\\Math_LB\\Keil\\obj\\Math_LB.AXF" 
Build target 'Math_LB'
compiling main.c...
..\main.c(10): warning:  #223-D: function "SYS_Init" declared implicitly
..\main.c(20): warning:  #1-D: last line of file ends without a newline
linking...
Program Size: Code=7636 RO-data=280 RW-data=2044 ZI-data=2148  
".\obj\Math_LB.axf" - 0 Error(s), 2 Warning(s).
Load "C:\\Users\\bambang\\Desktop\\Math_LB\\Keil\\obj\\Math_LB.AXF" 
Build target 'Math_LB'
compiling main.c...
..\main.c(10): warning:  #223-D: function "SYS_Init" declared implicitly
..\main.c(20): warning:  #1-D: last line of file ends without a newline
linking...
Program Size: Code=7636 RO-data=280 RW-data=2044 ZI-data=2148  
".\obj\Math_LB.axf" - 0 Error(s), 2 Warning(s).
Load "C:\\Users\\bambang\\Desktop\\Math_LB\\Keil\\obj\\Math_LB.AXF" 
Build target 'Math_LB'
compiling main.c...
..\main.c(10): warning:  #223-D: function "SYS_Init" declared implicitly
..\main.c(21): warning:  #1-D: last line of file ends without a newline
linking...
Program Size: Code=7656 RO-data=280 RW-data=2044 ZI-data=2148  
".\obj\Math_LB.axf" - 0 Error(s), 2 Warning(s).
Load "C:\\Users\\bambang\\Desktop\\Math_LB\\Keil\\obj\\Math_LB.AXF" 
Build target 'Math_LB'
compiling main.c...
..\main.c(10): warning:  #223-D: function "SYS_Init" declared implicitly
..\main.c(21): warning:  #1-D: last line of file ends without a newline
linking...
Program Size: Code=7648 RO-data=280 RW-data=2044 ZI-data=2148  
".\obj\Math_LB.axf" - 0 Error(s), 2 Warning(s).
Load "C:\\Users\\bambang\\Desktop\\Math_LB\\Keil\\obj\\Math_LB.AXF" 
Load "C:\\Users\\bambang\\Desktop\\Math_LB\\Keil\\obj\\Math_LB.AXF" 
Build target 'Math_LB'
compiling main.c...
..\main.c(10): warning:  #223-D: function "SYS_Init" declared implicitly
..\main.c(28): warning:  #1-D: last line of file ends without a newline
linking...
Program Size: Code=7732 RO-data=280 RW-data=2044 ZI-data=2148  
".\obj\Math_LB.axf" - 0 Error(s), 2 Warning(s).
Load "C:\\Users\\bambang\\Desktop\\Math_LB\\Keil\\obj\\Math_LB.AXF" 
Build target 'Math_LB'
compiling main.c...
..\main.c(10): warning:  #223-D: function "SYS_Init" declared implicitly
..\main.c(28): warning:  #1-D: last line of file ends without a newline
linking...
Program Size: Code=7732 RO-data=280 RW-data=2044 ZI-data=2148  
".\obj\Math_LB.axf" - 0 Error(s), 2 Warning(s).
Load "C:\\Users\\bambang\\Desktop\\Math_LB\\Keil\\obj\\Math_LB.AXF" 
Build target 'Math_LB'
compiling main.c...
..\main.c(10): warning:  #223-D: function "SYS_Init" declared implicitly
..\main.c(19): warning:  #69-D: integer conversion resulted in truncation
..\main.c(28): warning:  #1-D: last line of file ends without a newline
linking...
Program Size: Code=7732 RO-data=280 RW-data=2044 ZI-data=2148  
".\obj\Math_LB.axf" - 0 Error(s), 3 Warning(s).
Build target 'Math_LB'
compiling main.c...
..\main.c(10): warning:  #223-D: function "SYS_Init" declared implicitly
..\main.c(19): warning:  #69-D: integer conversion resulted in truncation
..\main.c(25): warning:  #1-D: last line of file ends without a newline
linking...
Program Size: Code=7732 RO-data=280 RW-data=2044 ZI-data=2148  
".\obj\Math_LB.axf" - 0 Error(s), 3 Warning(s).
Load "C:\\Users\\bambang\\Desktop\\Math_LB\\Keil\\obj\\Math_LB.AXF" 
Build target 'Math_LB'
compiling main.c...
..\main.c(10): warning:  #223-D: function "SYS_Init" declared implicitly
..\main.c(19): warning:  #69-D: integer conversion resulted in truncation
..\main.c(25): warning:  #1-D: last line of file ends without a newline
linking...
Program Size: Code=7732 RO-data=280 RW-data=2044 ZI-data=2148  
".\obj\Math_LB.axf" - 0 Error(s), 3 Warning(s).
Load "C:\\Users\\bambang\\Desktop\\Math_LB\\Keil\\obj\\Math_LB.AXF" 
Build target 'Math_LB'
compiling main.c...
..\main.c(10): warning:  #223-D: function "SYS_Init" declared implicitly
..\main.c(25): warning:  #1-D: last line of file ends without a newline
linking...
Program Size: Code=7732 RO-data=280 RW-data=2044 ZI-data=2148  
".\obj\Math_LB.axf" - 0 Error(s), 2 Warning(s).
Load "C:\\Users\\bambang\\Desktop\\Math_LB\\Keil\\obj\\Math_LB.AXF" 
Build target 'Math_LB'
compiling main.c...
..\main.c(20): warning:  #69-D: integer conversion resulted in truncation
linking...
Program Size: Code=7732 RO-data=280 RW-data=2044 ZI-data=2148  
".\obj\Math_LB.axf" - 0 Error(s), 1 Warning(s).
Load "C:\\Users\\bambang\\Desktop\\Math_LB\\Keil\\obj\\Math_LB.AXF" 
Build target 'Math_LB'
compiling main.c...
..\main.c(20): warning:  #69-D: integer conversion resulted in truncation
linking...
Program Size: Code=7756 RO-data=280 RW-data=2044 ZI-data=2148  
".\obj\Math_LB.axf" - 0 Error(s), 1 Warning(s).
Load "C:\\Users\\bambang\\Desktop\\Math_LB\\Keil\\obj\\Math_LB.AXF" 
Build target 'Math_LB'
compiling main.c...
linking...
Program Size: Code=7756 RO-data=280 RW-data=2044 ZI-data=2148  
".\obj\Math_LB.axf" - 0 Error(s), 0 Warning(s).
Load "C:\\Users\\bambang\\Desktop\\Math_LB\\Keil\\obj\\Math_LB.AXF" 
Load "C:\\Users\\bambang\\Desktop\\Math_LB\\Keil\\obj\\Math_LB.AXF" 
Build target 'Math_LB'
compiling main.c...
linking...
Program Size: Code=7756 RO-data=280 RW-data=2044 ZI-data=2148  
".\obj\Math_LB.axf" - 0 Error(s), 0 Warning(s).
Load "C:\\Users\\bambang\\Desktop\\Math_LB\\Keil\\obj\\Math_LB.AXF" 
Build target 'Math_LB'
compiling main.c...
linking...
Program Size: Code=7756 RO-data=280 RW-data=2044 ZI-data=2148  
".\obj\Math_LB.axf" - 0 Error(s), 0 Warning(s).
Load "C:\\Users\\bambang\\Desktop\\Math_LB\\Keil\\obj\\Math_LB.AXF" 
Build target 'Math_LB'
compiling main.c...
linking...
Program Size: Code=7756 RO-data=280 RW-data=2044 ZI-data=2148  
".\obj\Math_LB.axf" - 0 Error(s), 0 Warning(s).
Load "C:\\Users\\bambang\\Desktop\\Math_LB\\Keil\\obj\\Math_LB.AXF" 
