<html>
<body>
<pre>
<h1>µVision Build Log</h1>
<h2>Project:</h2>
C:\Users\bambang\Desktop\Math_LB\Keil\Math.uvproj
Project File Date:  08/30/2018

<h2>Output:</h2>
Build target 'Math_LB'
compiling main.c...
linking...
Program Size: Code=13932 RO-data=480 RW-data=2052 ZI-data=2164  
".\obj\Math_LB.axf" - 0 Error(s), 0 Warning(s).
Build target 'Math_LB'
linking...
Program Size: Code=13932 RO-data=480 RW-data=2052 ZI-data=2164  
".\obj\Math_LB.axf" - 0 Error(s), 0 Warning(s).
Load "C:\\Users\\bambang\\Desktop\\Math_LB\\Keil\\obj\\Math_LB.AXF" 
Build target 'Math_LB'
compiling main.c...
linking...
Program Size: Code=13936 RO-data=480 RW-data=2564 ZI-data=2164  
".\obj\Math_LB.axf" - 0 Error(s), 0 Warning(s).
Load "C:\\Users\\bambang\\Desktop\\Math_LB\\Keil\\obj\\Math_LB.AXF" 
Build target 'Math_LB'
compiling main.c...
linking...
Program Size: Code=13944 RO-data=480 RW-data=2564 ZI-data=2164  
".\obj\Math_LB.axf" - 0 Error(s), 0 Warning(s).
Load "C:\\Users\\bambang\\Desktop\\Math_LB\\Keil\\obj\\Math_LB.AXF" 
Build target 'Math_LB'
compiling main.c...
..\main.c(84): error:  #29: expected an expression
..\main.c(86): error:  #118: a void function may not return a value
..\main.c(88): warning:  #111-D: statement is unreachable
Target not created
Build target 'Math_LB'
compiling main.c...
..\main.c(83): error:  #29: expected an expression
..\main.c(89): warning:  #111-D: statement is unreachable
Target not created
Build target 'Math_LB'
compiling main.c...
..\main.c(89): warning:  #111-D: statement is unreachable
linking...
Program Size: Code=13872 RO-data=480 RW-data=2564 ZI-data=3188  
".\obj\Math_LB.axf" - 0 Error(s), 1 Warning(s).
Load "C:\\Users\\bambang\\Desktop\\Math_LB\\Keil\\obj\\Math_LB.AXF" 
Build target 'Math_LB'
compiling main.c...
linking...
Program Size: Code=14068 RO-data=480 RW-data=2564 ZI-data=3188  
".\obj\Math_LB.axf" - 0 Error(s), 0 Warning(s).
Load "C:\\Users\\bambang\\Desktop\\Math_LB\\Keil\\obj\\Math_LB.AXF" 
Build target 'Math_LB'
compiling main.c...
linking...
Program Size: Code=14068 RO-data=480 RW-data=2564 ZI-data=3188  
".\obj\Math_LB.axf" - 0 Error(s), 0 Warning(s).
Load "C:\\Users\\bambang\\Desktop\\Math_LB\\Keil\\obj\\Math_LB.AXF" 
Build target 'Math_LB'
compiling main.c...
linking...
Program Size: Code=13912 RO-data=480 RW-data=2564 ZI-data=3188  
".\obj\Math_LB.axf" - 0 Error(s), 0 Warning(s).
Load "C:\\Users\\bambang\\Desktop\\Math_LB\\Keil\\obj\\Math_LB.AXF" 
Build target 'Math_LB'
compiling main.c...
compiling Draw2D.c...
linking...
Program Size: Code=14672 RO-data=480 RW-data=2052 ZI-data=2164  
".\obj\Math_LB.axf" - 0 Error(s), 0 Warning(s).
Build target 'Math_LB'
linking...
Program Size: Code=14672 RO-data=480 RW-data=2052 ZI-data=2164  
".\obj\Math_LB.axf" - 0 Error(s), 0 Warning(s).
Load "C:\\Users\\bambang\\Desktop\\Math_LB\\Keil\\obj\\Math_LB.AXF" 
Build target 'Math_LB'
compiling main.c...
linking...
Program Size: Code=14672 RO-data=480 RW-data=2052 ZI-data=2164  
".\obj\Math_LB.axf" - 0 Error(s), 0 Warning(s).
Build target 'Math_LB'
compiling main.c...
linking...
Program Size: Code=14696 RO-data=480 RW-data=2052 ZI-data=2164  
".\obj\Math_LB.axf" - 0 Error(s), 0 Warning(s).
Load "C:\\Users\\bambang\\Desktop\\Math_LB\\Keil\\obj\\Math_LB.AXF" 
Build target 'Math_LB'
compiling main.c...
linking...
Program Size: Code=14696 RO-data=480 RW-data=2052 ZI-data=2164  
".\obj\Math_LB.axf" - 0 Error(s), 0 Warning(s).
Load "C:\\Users\\bambang\\Desktop\\Math_LB\\Keil\\obj\\Math_LB.AXF" 
Build target 'Math_LB'
compiling main.c...
linking...
Program Size: Code=14756 RO-data=480 RW-data=2052 ZI-data=2164  
".\obj\Math_LB.axf" - 0 Error(s), 0 Warning(s).
Load "C:\\Users\\bambang\\Desktop\\Math_LB\\Keil\\obj\\Math_LB.AXF" 
Build target 'Math_LB'
compiling main.c...
linking...
Program Size: Code=14788 RO-data=480 RW-data=2052 ZI-data=2164  
".\obj\Math_LB.axf" - 0 Error(s), 0 Warning(s).
Load "C:\\Users\\bambang\\Desktop\\Math_LB\\Keil\\obj\\Math_LB.AXF" 
