ARM Linker, 4.1 [Build 894] [Evaluation]

==============================================================================

Small function inlining results

Inlined function __aeabi_idiv0 from aeabi_idiv0.o at offset 0x154 in aeabi_sdiv.o(.text).
Inlined Instruction: BX       lr
Inlined function __aeabi_idiv0 from aeabi_idiv0.o at offset 0x154 in aeabi_sdiv_div0.o(.text).
Inlined Instruction: BX       lr
Inlined function _platform_pre_stackheap_init from boardinit1.o at offset 0x0 in rtentry2.o(.ARM.Collect$$rtentry$$00000001).
Inlined Instruction: BX       lr
Inlined function _fp_init from fpinit.o at offset 0x2 in libinit.o(.ARM.Collect$$libinit$$00000000).
Inlined Instruction: BX       lr
Inlined function _platform_pre_lib_shutdown from boardshut.o at offset 0x0 in rtexit2.o(.ARM.Collect$$rtexit$$00000001).
Inlined Instruction: BX       lr
Inlined function __ARM_get_argv from no_argv.o at offset 0x2 in argv_veneer.o(.text).
Inlined Instruction: BX       lr
Inlined total of 6 calls.

==============================================================================

Section Cross References

    system_nuc100series.o(.text) refers to aeabi_sdiv.o(.text) for __aeabi_uidivmod
    system_nuc100series.o(.text) refers to system_nuc100series.o(.data) for PllClock
    startup_nuc100series.o(STACK) refers (Special) to heapauxi.o(.text) for __use_two_region_memory
    startup_nuc100series.o(HEAP) refers (Special) to heapauxi.o(.text) for __use_two_region_memory
    startup_nuc100series.o(RESET) refers (Special) to heapauxi.o(.text) for __use_two_region_memory
    startup_nuc100series.o(RESET) refers to startup_nuc100series.o(STACK) for __initial_sp
    startup_nuc100series.o(RESET) refers to startup_nuc100series.o(.text) for Reset_Handler
    startup_nuc100series.o(.text) refers (Special) to heapauxi.o(.text) for __use_two_region_memory
    startup_nuc100series.o(.text) refers to system_nuc100series.o(.text) for SystemInit
    startup_nuc100series.o(.text) refers to __main.o(!!!main) for __main
    startup_nuc100series.o(.text) refers to startup_nuc100series.o(HEAP) for Heap_Mem
    startup_nuc100series.o(.text) refers to startup_nuc100series.o(STACK) for Stack_Mem
    lcd.o(.text) refers to spi.o(.text) for SPI_Open
    lcd.o(.text) refers to strlen.o(.text) for strlen
    lcd.o(.text) refers to lcd.o(.bss) for DisplayBuffer
    lcd.o(.text) refers to lcd.o(.data) for Font8x16
    main.o(.text) refers to sys_init.o(.text) for SYS_Init
    main.o(.text) refers to lcd.o(.text) for init_LCD
    spi.o(.text) refers to aeabi_sdiv.o(.text) for __aeabi_uidivmod
    spi.o(.text) refers to clk.o(.text) for CLK_GetHCLKFreq
    sys_init.o(.text) refers to clk.o(.text) for CLK_EnableXtalRC
    clk.o(.text) refers to system_nuc100series.o(.text) for SystemCoreClockUpdate
    clk.o(.text) refers to aeabi_sdiv.o(.text) for __aeabi_uidivmod
    clk.o(.text) refers to clk.o(.constdata) for .constdata
    clk.o(.text) refers to system_nuc100series.o(.data) for SystemCoreClock
    __main.o(!!!main) refers to rtentry.o(.ARM.Collect$$rtentry$$00000000) for __rt_entry
    rtentry.o(.ARM.Collect$$rtentry$$00000000) refers (Special) to rtentry2.o(.ARM.Collect$$rtentry$$0000000A) for __rt_entry_li
    rtentry.o(.ARM.Collect$$rtentry$$00000000) refers (Special) to rtentry2.o(.ARM.Collect$$rtentry$$0000000D) for __rt_entry_main
    rtentry.o(.ARM.Collect$$rtentry$$00000000) refers (Special) to rtentry2.o(.ARM.Collect$$rtentry$$0000000C) for __rt_entry_postli_1
    rtentry.o(.ARM.Collect$$rtentry$$00000000) refers (Special) to rtentry2.o(.ARM.Collect$$rtentry$$00000009) for __rt_entry_postsh_1
    rtentry.o(.ARM.Collect$$rtentry$$00000000) refers (Special) to rtentry2.o(.ARM.Collect$$rtentry$$00000002) for __rt_entry_presh_1
    rtentry.o(.ARM.Collect$$rtentry$$00000000) refers (Special) to rtentry4.o(.ARM.Collect$$rtentry$$00000004) for __rt_entry_sh
    aeabi_idiv0_sigfpe.o(.text) refers to rt_div0.o(.text) for __rt_div0
    rtentry2.o(.ARM.Collect$$rtentry$$00000008) refers to boardinit2.o(.text) for _platform_post_stackheap_init
    rtentry2.o(.ARM.Collect$$rtentry$$0000000A) refers to libinit.o(.ARM.Collect$$libinit$$00000000) for __rt_lib_init
    rtentry2.o(.ARM.Collect$$rtentry$$0000000B) refers to boardinit3.o(.text) for _platform_post_lib_init
    rtentry2.o(.ARM.Collect$$rtentry$$0000000D) refers to main.o(.text) for main
    rtentry2.o(.ARM.Collect$$rtentry$$0000000D) refers to exit.o(.text) for exit
    rtentry2.o(.ARM.exidx) refers to rtentry2.o(.ARM.Collect$$rtentry$$00000001) for .ARM.Collect$$rtentry$$00000001
    rtentry2.o(.ARM.exidx) refers to rtentry2.o(.ARM.Collect$$rtentry$$00000008) for .ARM.Collect$$rtentry$$00000008
    rtentry2.o(.ARM.exidx) refers to rtentry2.o(.ARM.Collect$$rtentry$$0000000A) for .ARM.Collect$$rtentry$$0000000A
    rtentry2.o(.ARM.exidx) refers to rtentry2.o(.ARM.Collect$$rtentry$$0000000B) for .ARM.Collect$$rtentry$$0000000B
    rtentry2.o(.ARM.exidx) refers to rtentry2.o(.ARM.Collect$$rtentry$$0000000D) for .ARM.Collect$$rtentry$$0000000D
    rtentry4.o(.ARM.Collect$$rtentry$$00000004) refers to sys_stackheap_outer.o(.text) for __user_setup_stackheap
    rtentry4.o(.ARM.exidx) refers to rtentry4.o(.ARM.Collect$$rtentry$$00000004) for .ARM.Collect$$rtentry$$00000004
    rt_div0.o(.text) refers to defsig_fpe_outer.o(.text) for __rt_SIGFPE
    sys_stackheap_outer.o(.text) refers to libspace.o(.text) for __user_perproc_libspace
    sys_stackheap_outer.o(.text) refers to startup_nuc100series.o(.text) for __user_initial_stackheap
    sys_stackheap_outer.o(__vectab_stack_and_reset_area) refers to tempstk.o(.text) for __temporary_stack_top
    sys_stackheap_outer.o(__vectab_stack_and_reset_area) refers to __main.o(!!!main) for __main
    exit.o(.text) refers to rtexit.o(.ARM.Collect$$rtexit$$00000000) for __rt_exit
    defsig_fpe_outer.o(.text) refers to defsig_fpe_inner.o(.text) for __rt_SIGFPE_inner
    defsig_fpe_outer.o(.text) refers to defsig_exit.o(.text) for __sig_exit
    defsig_fpe_formal.o(.text) refers to rt_raise.o(.text) for __rt_raise
    libinit.o(.ARM.Collect$$libinit$$00000000) refers (Special) to libinit2.o(.ARM.Collect$$libinit$$0000002A) for __rt_lib_init_alloca_1
    libinit.o(.ARM.Collect$$libinit$$00000000) refers (Special) to libinit2.o(.ARM.Collect$$libinit$$00000028) for __rt_lib_init_argv_1
    libinit.o(.ARM.Collect$$libinit$$00000000) refers (Special) to libinit2.o(.ARM.Collect$$libinit$$00000017) for __rt_lib_init_atexit_1
    libinit.o(.ARM.Collect$$libinit$$00000000) refers (Special) to libinit2.o(.ARM.Collect$$libinit$$0000001D) for __rt_lib_init_clock_1
    libinit.o(.ARM.Collect$$libinit$$00000000) refers (Special) to libinit2.o(.ARM.Collect$$libinit$$0000002E) for __rt_lib_init_cpp_1
    libinit.o(.ARM.Collect$$libinit$$00000000) refers (Special) to libinit2.o(.ARM.Collect$$libinit$$0000002C) for __rt_lib_init_exceptions_1
    libinit.o(.ARM.Collect$$libinit$$00000000) refers (Special) to libinit2.o(.ARM.Collect$$libinit$$0000001B) for __rt_lib_init_fp_trap_1
    libinit.o(.ARM.Collect$$libinit$$00000000) refers (Special) to libinit2.o(.ARM.Collect$$libinit$$0000001F) for __rt_lib_init_getenv_1
    libinit.o(.ARM.Collect$$libinit$$00000000) refers (Special) to libinit2.o(.ARM.Collect$$libinit$$00000006) for __rt_lib_init_heap_1
    libinit.o(.ARM.Collect$$libinit$$00000000) refers (Special) to libinit2.o(.ARM.Collect$$libinit$$0000000D) for __rt_lib_init_lc_collate_1
    libinit.o(.ARM.Collect$$libinit$$00000000) refers (Special) to libinit2.o(.ARM.Collect$$libinit$$0000000F) for __rt_lib_init_lc_ctype_1
    libinit.o(.ARM.Collect$$libinit$$00000000) refers (Special) to libinit2.o(.ARM.Collect$$libinit$$00000011) for __rt_lib_init_lc_monetary_1
    libinit.o(.ARM.Collect$$libinit$$00000000) refers (Special) to libinit2.o(.ARM.Collect$$libinit$$00000013) for __rt_lib_init_lc_numeric_1
    libinit.o(.ARM.Collect$$libinit$$00000000) refers (Special) to libinit2.o(.ARM.Collect$$libinit$$00000015) for __rt_lib_init_lc_time_1
    libinit.o(.ARM.Collect$$libinit$$00000000) refers (Special) to libinit2.o(.ARM.Collect$$libinit$$0000000A) for __rt_lib_init_rand_1
    libinit.o(.ARM.Collect$$libinit$$00000000) refers (Special) to libinit2.o(.ARM.Collect$$libinit$$0000002F) for __rt_lib_init_return
    libinit.o(.ARM.Collect$$libinit$$00000000) refers (Special) to libinit2.o(.ARM.Collect$$libinit$$00000019) for __rt_lib_init_signal_1
    libinit.o(.ARM.Collect$$libinit$$00000000) refers (Special) to libinit2.o(.ARM.Collect$$libinit$$00000021) for __rt_lib_init_stdio_1
    libinit.o(.ARM.Collect$$libinit$$00000000) refers (Special) to libinit2.o(.ARM.Collect$$libinit$$00000008) for __rt_lib_init_user_alloc_1
    libspace.o(.text) refers to libspace.o(.bss) for __libspace_start
    rtexit.o(.ARM.Collect$$rtexit$$00000000) refers (Special) to rtexit2.o(.ARM.Collect$$rtexit$$00000004) for __rt_exit_exit
    rtexit.o(.ARM.Collect$$rtexit$$00000000) refers (Special) to rtexit2.o(.ARM.Collect$$rtexit$$00000003) for __rt_exit_ls
    rtexit.o(.ARM.Collect$$rtexit$$00000000) refers (Special) to rtexit2.o(.ARM.Collect$$rtexit$$00000002) for __rt_exit_prels_1
    rtexit.o(.ARM.exidx) refers (Special) to rtexit2.o(.ARM.Collect$$rtexit$$00000004) for __rt_exit_exit
    rtexit.o(.ARM.exidx) refers (Special) to rtexit2.o(.ARM.Collect$$rtexit$$00000003) for __rt_exit_ls
    rtexit.o(.ARM.exidx) refers (Special) to rtexit2.o(.ARM.Collect$$rtexit$$00000002) for __rt_exit_prels_1
    rtexit.o(.ARM.exidx) refers to rtexit.o(.ARM.Collect$$rtexit$$00000000) for .ARM.Collect$$rtexit$$00000000
    rt_raise.o(.text) refers to __raise.o(.text) for __raise
    rt_raise.o(.text) refers to sys_exit.o(.text) for _sys_exit
    defsig_exit.o(.text) refers to sys_exit.o(.text) for _sys_exit
    defsig_fpe_inner.o(.text) refers to defsig_general.o(.text) for __default_signal_display
    libinit2.o(.ARM.Collect$$libinit$$0000000C) refers to libinit2.o(.ARM.Collect$$libinit$$0000000B) for .ARM.Collect$$libinit$$0000000B
    libinit2.o(.ARM.Collect$$libinit$$0000000E) refers to libinit2.o(.ARM.Collect$$libinit$$0000000B) for .ARM.Collect$$libinit$$0000000B
    libinit2.o(.ARM.Collect$$libinit$$00000010) refers to libinit2.o(.ARM.Collect$$libinit$$0000000B) for .ARM.Collect$$libinit$$0000000B
    libinit2.o(.ARM.Collect$$libinit$$00000012) refers to libinit2.o(.ARM.Collect$$libinit$$0000000B) for .ARM.Collect$$libinit$$0000000B
    libinit2.o(.ARM.Collect$$libinit$$00000014) refers to libinit2.o(.ARM.Collect$$libinit$$0000000B) for .ARM.Collect$$libinit$$0000000B
    libinit2.o(.ARM.Collect$$libinit$$00000022) refers to argv_veneer.o(.text) for __ARM_argv_veneer
    libinit2.o(.ARM.Collect$$libinit$$00000023) refers to argv_veneer.o(.text) for __ARM_argv_veneer
    sys_exit.o(.text) refers (Special) to use_no_semi.o(.text) for __I$use$semihosting
    sys_exit.o(.text) refers (Special) to indicate_semi.o(.text) for __semihosting_library_function
    rtexit2.o(.ARM.Collect$$rtexit$$00000003) refers to libshutdown.o(.ARM.Collect$$libshutdown$$00000000) for __rt_lib_shutdown
    rtexit2.o(.ARM.Collect$$rtexit$$00000004) refers to sys_exit.o(.text) for _sys_exit
    rtexit2.o(.ARM.exidx) refers to rtexit2.o(.ARM.Collect$$rtexit$$00000001) for .ARM.Collect$$rtexit$$00000001
    rtexit2.o(.ARM.exidx) refers to rtexit2.o(.ARM.Collect$$rtexit$$00000003) for .ARM.Collect$$rtexit$$00000003
    rtexit2.o(.ARM.exidx) refers to rtexit2.o(.ARM.Collect$$rtexit$$00000004) for .ARM.Collect$$rtexit$$00000004
    __raise.o(.text) refers to defsig.o(CL$$defsig) for __default_signal_handler
    defsig_general.o(.text) refers to sys_wrch.o(.text) for _ttywrch
    sys_wrch.o(.text) refers (Special) to use_no_semi.o(.text) for __I$use$semihosting
    sys_wrch.o(.text) refers (Special) to indicate_semi.o(.text) for __semihosting_library_function
    defsig.o(CL$$defsig) refers to defsig_fpe_inner.o(.text) for __rt_SIGFPE_inner
    defsig.o(CL$$defsig) refers to defsig_rtmem_inner.o(.text) for __rt_SIGRTMEM_inner
    _get_argv_nomalloc.o(.text) refers (Special) to hrguard.o(.text) for __heap_region$guard
    _get_argv_nomalloc.o(.text) refers to defsig_rtmem_outer.o(.text) for __rt_SIGRTMEM
    _get_argv_nomalloc.o(.text) refers to sys_command.o(.text) for _sys_command_string
    libshutdown.o(.ARM.Collect$$libshutdown$$00000000) refers (Special) to libshutdown2.o(.ARM.Collect$$libshutdown$$00000006) for __rt_lib_shutdown_fp_trap_1
    libshutdown.o(.ARM.Collect$$libshutdown$$00000000) refers (Special) to libshutdown2.o(.ARM.Collect$$libshutdown$$0000000E) for __rt_lib_shutdown_heap_1
    libshutdown.o(.ARM.Collect$$libshutdown$$00000000) refers (Special) to libshutdown2.o(.ARM.Collect$$libshutdown$$0000000F) for __rt_lib_shutdown_return
    libshutdown.o(.ARM.Collect$$libshutdown$$00000000) refers (Special) to libshutdown2.o(.ARM.Collect$$libshutdown$$00000009) for __rt_lib_shutdown_signal_1
    libshutdown.o(.ARM.Collect$$libshutdown$$00000000) refers (Special) to libshutdown2.o(.ARM.Collect$$libshutdown$$00000003) for __rt_lib_shutdown_stdio_1
    libshutdown.o(.ARM.Collect$$libshutdown$$00000000) refers (Special) to libshutdown2.o(.ARM.Collect$$libshutdown$$0000000B) for __rt_lib_shutdown_user_alloc_1
    sys_command.o(.text) refers (Special) to use_no_semi.o(.text) for __I$use$semihosting
    sys_command.o(.text) refers (Special) to indicate_semi.o(.text) for __semihosting_library_function
    defsig_abrt_inner.o(.text) refers to defsig_general.o(.text) for __default_signal_display
    defsig_rtred_inner.o(.text) refers to defsig_general.o(.text) for __default_signal_display
    defsig_rtmem_inner.o(.text) refers to defsig_general.o(.text) for __default_signal_display
    defsig_rtmem_outer.o(.text) refers to defsig_rtmem_inner.o(.text) for __rt_SIGRTMEM_inner
    defsig_rtmem_outer.o(.text) refers to defsig_exit.o(.text) for __sig_exit
    defsig_rtmem_formal.o(.text) refers to rt_raise.o(.text) for __rt_raise
    defsig_stak_inner.o(.text) refers to defsig_general.o(.text) for __default_signal_display
    defsig_pvfn_inner.o(.text) refers to defsig_general.o(.text) for __default_signal_display
    defsig_cppl_inner.o(.text) refers to defsig_general.o(.text) for __default_signal_display
    defsig_segv_inner.o(.text) refers to defsig_general.o(.text) for __default_signal_display
    defsig_other.o(.text) refers to defsig_general.o(.text) for __default_signal_display


==============================================================================

Removing Unused input sections from the image.

    Removing core_cm0.o(.emb_text), (32 bytes).
    Removing system_nuc100series.o(.rev16_text), (4 bytes).
    Removing system_nuc100series.o(.revsh_text), (4 bytes).
    Removing lcd.o(.rev16_text), (4 bytes).
    Removing lcd.o(.revsh_text), (4 bytes).
    Removing main.o(.rev16_text), (4 bytes).
    Removing main.o(.revsh_text), (4 bytes).
    Removing gpio.o(.rev16_text), (4 bytes).
    Removing gpio.o(.revsh_text), (4 bytes).
    Removing gpio.o(.text), (96 bytes).
    Removing sys.o(.rev16_text), (4 bytes).
    Removing sys.o(.revsh_text), (4 bytes).
    Removing sys.o(.text), (212 bytes).
    Removing spi.o(.rev16_text), (4 bytes).
    Removing spi.o(.revsh_text), (4 bytes).
    Removing sys_init.o(.rev16_text), (4 bytes).
    Removing sys_init.o(.revsh_text), (4 bytes).
    Removing clk.o(.rev16_text), (4 bytes).
    Removing clk.o(.revsh_text), (4 bytes).

19 unused section(s) (total 404 bytes) removed from the image.

==============================================================================

Image Symbol Table

    Local Symbols

    Symbol Name                              Value     Ov Type        Size  Object(Section)

    RESET                                    0x00000000   Section      192  startup_nuc100series.o(RESET)
    ../../angel/boardlib.s                   0x00000000   Number         0  boardinit2.o ABSOLUTE
    ../../angel/boardlib.s                   0x00000000   Number         0  boardinit1.o ABSOLUTE
    ../../angel/boardlib.s                   0x00000000   Number         0  boardinit3.o ABSOLUTE
    ../../angel/boardlib.s                   0x00000000   Number         0  boardshut.o ABSOLUTE
    ../../angel/handlers.s                   0x00000000   Number         0  __scatter_zi.o ABSOLUTE
    ../../angel/handlers.s                   0x00000000   Number         0  __scatter_copy.o ABSOLUTE
    ../../angel/kernel.s                     0x00000000   Number         0  rtexit.o ABSOLUTE
    ../../angel/kernel.s                     0x00000000   Number         0  rtentry4.o ABSOLUTE
    ../../angel/kernel.s                     0x00000000   Number         0  rtentry2.o ABSOLUTE
    ../../angel/kernel.s                     0x00000000   Number         0  rtexit2.o ABSOLUTE
    ../../angel/kernel.s                     0x00000000   Number         0  rtentry.o ABSOLUTE
    ../../angel/rt.s                         0x00000000   Number         0  aeabi_idiv0_sigfpe.o ABSOLUTE
    ../../angel/rt.s                         0x00000000   Number         0  rt_div0.o ABSOLUTE
    ../../angel/rt.s                         0x00000000   Number         0  rt_raise.o ABSOLUTE
    ../../angel/rt.s                         0x00000000   Number         0  aeabi_idiv0.o ABSOLUTE
    ../../angel/scatterp.s                   0x00000000   Number         0  __scatter.o ABSOLUTE
    ../../angel/startup.s                    0x00000000   Number         0  __main.o ABSOLUTE
    ../../angel/sys.s                        0x00000000   Number         0  use_no_semi.o ABSOLUTE
    ../../angel/sys.s                        0x00000000   Number         0  tempstk.o ABSOLUTE
    ../../angel/sys.s                        0x00000000   Number         0  indicate_semi.o ABSOLUTE
    ../../angel/sys.s                        0x00000000   Number         0  sys_stackheap_outer.o ABSOLUTE
    ../../angel/sys.s                        0x00000000   Number         0  libspace.o ABSOLUTE
    ../../angel/sysapp.c                     0x00000000   Number         0  sys_wrch.o ABSOLUTE
    ../../angel/sysapp.c                     0x00000000   Number         0  sys_exit.o ABSOLUTE
    ../../angel/sysapp.c                     0x00000000   Number         0  sys_command.o ABSOLUTE
    ../../armsys.c                           0x00000000   Number         0  argv_veneer.o ABSOLUTE
    ../../armsys.c                           0x00000000   Number         0  no_argv.o ABSOLUTE
    ../../armsys.c                           0x00000000   Number         0  _get_argv_nomalloc.o ABSOLUTE
    ../../cfplib/fpinit.c                    0x00000000   Number         0  fpinit.o ABSOLUTE
    ../../division.s                         0x00000000   Number         0  aeabi_sdiv_div0.o ABSOLUTE
    ../../division.s                         0x00000000   Number         0  aeabi_sdiv.o ABSOLUTE
    ../../heapalloc.c                        0x00000000   Number         0  hrguard.o ABSOLUTE
    ../../heapaux.c                          0x00000000   Number         0  heapauxi.o ABSOLUTE
    ../../libinit.s                          0x00000000   Number         0  libshutdown.o ABSOLUTE
    ../../libinit.s                          0x00000000   Number         0  libinit2.o ABSOLUTE
    ../../libinit.s                          0x00000000   Number         0  libinit.o ABSOLUTE
    ../../libinit.s                          0x00000000   Number         0  libshutdown2.o ABSOLUTE
    ../../signal.c                           0x00000000   Number         0  defsig_rtred_inner.o ABSOLUTE
    ../../signal.c                           0x00000000   Number         0  defsig_rtmem_outer.o ABSOLUTE
    ../../signal.c                           0x00000000   Number         0  defsig_stak_inner.o ABSOLUTE
    ../../signal.c                           0x00000000   Number         0  defsig_fpe_inner.o ABSOLUTE
    ../../signal.c                           0x00000000   Number         0  defsig_exit.o ABSOLUTE
    ../../signal.c                           0x00000000   Number         0  defsig_rtmem_formal.o ABSOLUTE
    ../../signal.c                           0x00000000   Number         0  defsig_pvfn_inner.o ABSOLUTE
    ../../signal.c                           0x00000000   Number         0  defsig_fpe_outer.o ABSOLUTE
    ../../signal.c                           0x00000000   Number         0  defsig_fpe_formal.o ABSOLUTE
    ../../signal.c                           0x00000000   Number         0  defsig_cppl_inner.o ABSOLUTE
    ../../signal.c                           0x00000000   Number         0  defsig_general.o ABSOLUTE
    ../../signal.c                           0x00000000   Number         0  defsig_segv_inner.o ABSOLUTE
    ../../signal.c                           0x00000000   Number         0  __raise.o ABSOLUTE
    ../../signal.c                           0x00000000   Number         0  defsig_abrt_inner.o ABSOLUTE
    ../../signal.c                           0x00000000   Number         0  defsig_other.o ABSOLUTE
    ../../signal.c                           0x00000000   Number         0  defsig_rtmem_inner.o ABSOLUTE
    ../../signal.s                           0x00000000   Number         0  defsig.o ABSOLUTE
    ../../stdlib.c                           0x00000000   Number         0  exit.o ABSOLUTE
    ../../string.c                           0x00000000   Number         0  strlen.o ABSOLUTE
    ..\\main.c                               0x00000000   Number         0  main.o ABSOLUTE
    ..\main.c                                0x00000000   Number         0  main.o ABSOLUTE
    B:\Aslab_Digital\Novuton\Nu-LB-NUC140_BSP3.00.004_v1.2\Library\CMSIS\Include\core_cm0.c 0x00000000   Number         0  core_cm0.o ABSOLUTE
    B:\Aslab_Digital\Novuton\Nu-LB-NUC140_BSP3.00.004_v1.2\Library\Device\Nuvoton\NUC100Series\Source\ARM\startup_NUC100Series.s 0x00000000   Number         0  startup_nuc100series.o ABSOLUTE
    B:\Aslab_Digital\Novuton\Nu-LB-NUC140_BSP3.00.004_v1.2\Library\Device\Nuvoton\NUC100Series\Source\system_NUC100Series.c 0x00000000   Number         0  system_nuc100series.o ABSOLUTE
    B:\Aslab_Digital\Novuton\Nu-LB-NUC140_BSP3.00.004_v1.2\Library\Nu-LB-NUC140\Source\LCD.c 0x00000000   Number         0  lcd.o ABSOLUTE
    B:\Aslab_Digital\Novuton\Nu-LB-NUC140_BSP3.00.004_v1.2\Library\Nu-LB-NUC140\Source\SYS_init.c 0x00000000   Number         0  sys_init.o ABSOLUTE
    B:\Aslab_Digital\Novuton\Nu-LB-NUC140_BSP3.00.004_v1.2\Library\StdDriver\src\clk.c 0x00000000   Number         0  clk.o ABSOLUTE
    B:\Aslab_Digital\Novuton\Nu-LB-NUC140_BSP3.00.004_v1.2\Library\StdDriver\src\gpio.c 0x00000000   Number         0  gpio.o ABSOLUTE
    B:\Aslab_Digital\Novuton\Nu-LB-NUC140_BSP3.00.004_v1.2\Library\StdDriver\src\spi.c 0x00000000   Number         0  spi.o ABSOLUTE
    B:\Aslab_Digital\Novuton\Nu-LB-NUC140_BSP3.00.004_v1.2\Library\StdDriver\src\sys.c 0x00000000   Number         0  sys.o ABSOLUTE
    B:\\Aslab_Digital\\Novuton\\Nu-LB-NUC140_BSP3.00.004_v1.2\\Library\\CMSIS\\Include\\core_cm0.c 0x00000000   Number         0  core_cm0.o ABSOLUTE
    B:\\Aslab_Digital\\Novuton\\Nu-LB-NUC140_BSP3.00.004_v1.2\\Library\\Device\\Nuvoton\\NUC100Series\\Source\\system_NUC100Series.c 0x00000000   Number         0  system_nuc100series.o ABSOLUTE
    B:\\Aslab_Digital\\Novuton\\Nu-LB-NUC140_BSP3.00.004_v1.2\\Library\\Nu-LB-NUC140\\Source\\LCD.c 0x00000000   Number         0  lcd.o ABSOLUTE
    B:\\Aslab_Digital\\Novuton\\Nu-LB-NUC140_BSP3.00.004_v1.2\\Library\\Nu-LB-NUC140\\Source\\SYS_init.c 0x00000000   Number         0  sys_init.o ABSOLUTE
    B:\\Aslab_Digital\\Novuton\\Nu-LB-NUC140_BSP3.00.004_v1.2\\Library\\StdDriver\\src\\clk.c 0x00000000   Number         0  clk.o ABSOLUTE
    B:\\Aslab_Digital\\Novuton\\Nu-LB-NUC140_BSP3.00.004_v1.2\\Library\\StdDriver\\src\\gpio.c 0x00000000   Number         0  gpio.o ABSOLUTE
    B:\\Aslab_Digital\\Novuton\\Nu-LB-NUC140_BSP3.00.004_v1.2\\Library\\StdDriver\\src\\spi.c 0x00000000   Number         0  spi.o ABSOLUTE
    B:\\Aslab_Digital\\Novuton\\Nu-LB-NUC140_BSP3.00.004_v1.2\\Library\\StdDriver\\src\\sys.c 0x00000000   Number         0  sys.o ABSOLUTE
    !!!main                                  0x000000c0   Section        8  __main.o(!!!main)
    !!!scatter                               0x000000c8   Section       60  __scatter.o(!!!scatter)
    !!handler_copy                           0x00000104   Section       26  __scatter_copy.o(!!handler_copy)
    !!handler_zi                             0x00000120   Section       28  __scatter_zi.o(!!handler_zi)
    .ARM.Collect$$libinit$$00000000          0x0000013c   Section        6  libinit.o(.ARM.Collect$$libinit$$00000000)
    .ARM.Collect$$libinit$$00000006          0x00000142   Section        0  libinit2.o(.ARM.Collect$$libinit$$00000006)
    .ARM.Collect$$libinit$$00000008          0x00000142   Section        0  libinit2.o(.ARM.Collect$$libinit$$00000008)
    .ARM.Collect$$libinit$$0000000A          0x00000142   Section        0  libinit2.o(.ARM.Collect$$libinit$$0000000A)
    .ARM.Collect$$libinit$$0000000D          0x00000142   Section        0  libinit2.o(.ARM.Collect$$libinit$$0000000D)
    .ARM.Collect$$libinit$$0000000F          0x00000142   Section        0  libinit2.o(.ARM.Collect$$libinit$$0000000F)
    .ARM.Collect$$libinit$$00000011          0x00000142   Section        0  libinit2.o(.ARM.Collect$$libinit$$00000011)
    .ARM.Collect$$libinit$$00000013          0x00000142   Section        0  libinit2.o(.ARM.Collect$$libinit$$00000013)
    .ARM.Collect$$libinit$$00000015          0x00000142   Section        0  libinit2.o(.ARM.Collect$$libinit$$00000015)
    .ARM.Collect$$libinit$$00000017          0x00000142   Section        0  libinit2.o(.ARM.Collect$$libinit$$00000017)
    .ARM.Collect$$libinit$$00000019          0x00000142   Section        0  libinit2.o(.ARM.Collect$$libinit$$00000019)
    .ARM.Collect$$libinit$$0000001B          0x00000142   Section        0  libinit2.o(.ARM.Collect$$libinit$$0000001B)
    .ARM.Collect$$libinit$$0000001D          0x00000142   Section        0  libinit2.o(.ARM.Collect$$libinit$$0000001D)
    .ARM.Collect$$libinit$$0000001F          0x00000142   Section        0  libinit2.o(.ARM.Collect$$libinit$$0000001F)
    .ARM.Collect$$libinit$$00000021          0x00000142   Section        0  libinit2.o(.ARM.Collect$$libinit$$00000021)
    .ARM.Collect$$libinit$$00000028          0x00000142   Section        0  libinit2.o(.ARM.Collect$$libinit$$00000028)
    .ARM.Collect$$libinit$$0000002A          0x00000142   Section        0  libinit2.o(.ARM.Collect$$libinit$$0000002A)
    .ARM.Collect$$libinit$$0000002C          0x00000142   Section        0  libinit2.o(.ARM.Collect$$libinit$$0000002C)
    .ARM.Collect$$libinit$$0000002E          0x00000142   Section        0  libinit2.o(.ARM.Collect$$libinit$$0000002E)
    .ARM.Collect$$libinit$$0000002F          0x00000142   Section        2  libinit2.o(.ARM.Collect$$libinit$$0000002F)
    .ARM.Collect$$libshutdown$$00000000      0x00000144   Section        2  libshutdown.o(.ARM.Collect$$libshutdown$$00000000)
    .ARM.Collect$$libshutdown$$00000003      0x00000146   Section        0  libshutdown2.o(.ARM.Collect$$libshutdown$$00000003)
    .ARM.Collect$$libshutdown$$00000006      0x00000146   Section        0  libshutdown2.o(.ARM.Collect$$libshutdown$$00000006)
    .ARM.Collect$$libshutdown$$00000009      0x00000146   Section        0  libshutdown2.o(.ARM.Collect$$libshutdown$$00000009)
    .ARM.Collect$$libshutdown$$0000000B      0x00000146   Section        0  libshutdown2.o(.ARM.Collect$$libshutdown$$0000000B)
    .ARM.Collect$$libshutdown$$0000000E      0x00000146   Section        0  libshutdown2.o(.ARM.Collect$$libshutdown$$0000000E)
    .ARM.Collect$$libshutdown$$0000000F      0x00000146   Section        2  libshutdown2.o(.ARM.Collect$$libshutdown$$0000000F)
    .ARM.Collect$$rtentry$$00000000          0x00000148   Section        0  rtentry.o(.ARM.Collect$$rtentry$$00000000)
    .ARM.Collect$$rtentry$$00000002          0x00000148   Section        0  rtentry2.o(.ARM.Collect$$rtentry$$00000002)
    .ARM.Collect$$rtentry$$00000004          0x00000148   Section        6  rtentry4.o(.ARM.Collect$$rtentry$$00000004)
    .ARM.Collect$$rtentry$$00000009          0x0000014e   Section        0  rtentry2.o(.ARM.Collect$$rtentry$$00000009)
    .ARM.Collect$$rtentry$$0000000A          0x0000014e   Section        4  rtentry2.o(.ARM.Collect$$rtentry$$0000000A)
    .ARM.Collect$$rtentry$$0000000C          0x00000152   Section        0  rtentry2.o(.ARM.Collect$$rtentry$$0000000C)
    .ARM.Collect$$rtentry$$0000000D          0x00000152   Section        8  rtentry2.o(.ARM.Collect$$rtentry$$0000000D)
    .ARM.Collect$$rtexit$$00000000           0x0000015a   Section        2  rtexit.o(.ARM.Collect$$rtexit$$00000000)
    .ARM.Collect$$rtexit$$00000002           0x0000015c   Section        0  rtexit2.o(.ARM.Collect$$rtexit$$00000002)
    .ARM.Collect$$rtexit$$00000003           0x0000015c   Section        4  rtexit2.o(.ARM.Collect$$rtexit$$00000003)
    .ARM.Collect$$rtexit$$00000004           0x00000160   Section        6  rtexit2.o(.ARM.Collect$$rtexit$$00000004)
    .text                                    0x00000168   Section        0  system_nuc100series.o(.text)
    CLK_GetPLLClockFreq                      0x000001b7   Thumb Code   106  system_nuc100series.o(.text)
    .text                                    0x00000244   Section      100  startup_nuc100series.o(.text)
    Default_Handler                          0x0000026f   Thumb Code     2  startup_nuc100series.o(.text)
    .text                                    0x000002a8   Section        0  lcd.o(.text)
    .text                                    0x00000dbc   Section        0  main.o(.text)
    .text                                    0x00000de8   Section        0  spi.o(.text)
    CLK_GetPLLClockFreq                      0x00000de9   Thumb Code   106  spi.o(.text)
    .text                                    0x0000158c   Section        0  sys_init.o(.text)
    .text                                    0x0000162c   Section        0  clk.o(.text)
    CLK_GetPLLClockFreq                      0x00001b91   Thumb Code   106  clk.o(.text)
    .text                                    0x00001c20   Section        0  strlen.o(.text)
    .text                                    0x00001c64   Section      346  aeabi_sdiv.o(.text)
    .text                                    0x00001dbe   Section        0  heapauxi.o(.text)
    .text                                    0x00001dc4   Section       62  sys_stackheap_outer.o(.text)
    .text                                    0x00001e02   Section        0  exit.o(.text)
    .text                                    0x00001e10   Section        8  libspace.o(.text)
    .text                                    0x00001e18   Section        0  sys_exit.o(.text)
    .text                                    0x00001e24   Section        2  use_no_semi.o(.text)
    .text                                    0x00001e26   Section        0  indicate_semi.o(.text)
    .constdata                               0x00001e28   Section       56  clk.o(.constdata)
    .data                                    0x20000000   Section       44  system_nuc100series.o(.data)
    .data                                    0x2000002c   Section     2000  lcd.o(.data)
    Font5x7                                  0x2000002c   Data         480  lcd.o(.data)
    .bss                                     0x200007fc   Section     1024  lcd.o(.bss)
    .bss                                     0x20000bfc   Section       96  libspace.o(.bss)
    HEAP                                     0x20000c60   Section        0  startup_nuc100series.o(HEAP)
    STACK                                    0x20000c60   Section     1024  startup_nuc100series.o(STACK)
    Heap_Mem                                 0x20000c60   Data           0  startup_nuc100series.o(HEAP)
    Stack_Mem                                0x20000c60   Data        1024  startup_nuc100series.o(STACK)
    __initial_sp                             0x20001060   Data           0  startup_nuc100series.o(STACK)

    Global Symbols

    Symbol Name                              Value     Ov Type        Size  Object(Section)

    BuildAttributes$$THM_ISAv3M$S$PE$A:L22$X:L11$S22$IEEE1$IW$USESV6$~STKCKD$USESV7$~SHL$OSPACE$ROPI$EBA8$UX$STANDARDLIB$REQ8$PRES8$EABIv2 0x00000000   Number         0  anon$$obj.o ABSOLUTE
    __ARM_use_no_argv                        0x00000000   Number         0  main.o ABSOLUTE
    __Vectors                                0x00000000   Data           4  startup_nuc100series.o(RESET)
    __ARM_exceptions_init                     - Undefined Weak Reference
    __alloca_initialize                       - Undefined Weak Reference
    __cpp_initialize__aeabi_                  - Undefined Weak Reference
    __cxa_finalize                            - Undefined Weak Reference
    __rt_locale                               - Undefined Weak Reference
    __sigvec_lookup                           - Undefined Weak Reference
    _atexit_init                              - Undefined Weak Reference
    _call_atexit_fns                          - Undefined Weak Reference
    _clock_init                               - Undefined Weak Reference
    _fp_trap_init                             - Undefined Weak Reference
    _fp_trap_shutdown                         - Undefined Weak Reference
    _get_lc_collate                           - Undefined Weak Reference
    _get_lc_ctype                             - Undefined Weak Reference
    _get_lc_monetary                          - Undefined Weak Reference
    _get_lc_numeric                           - Undefined Weak Reference
    _get_lc_time                              - Undefined Weak Reference
    _getenv_init                              - Undefined Weak Reference
    _handle_redirection                       - Undefined Weak Reference
    _init_alloc                               - Undefined Weak Reference
    _init_user_alloc                          - Undefined Weak Reference
    _initio                                   - Undefined Weak Reference
    _rand_init                                - Undefined Weak Reference
    _signal_finish                            - Undefined Weak Reference
    _signal_init                              - Undefined Weak Reference
    _terminate_alloc                          - Undefined Weak Reference
    _terminate_user_alloc                     - Undefined Weak Reference
    _terminateio                              - Undefined Weak Reference
    __main                                   0x000000c1   Thumb Code     8  __main.o(!!!main)
    __scatterload                            0x000000c9   Thumb Code     0  __scatter.o(!!!scatter)
    __scatterload_rt2                        0x000000c9   Thumb Code    52  __scatter.o(!!!scatter)
    __scatterload_rt2_thumb_only             0x000000c9   Thumb Code     0  __scatter.o(!!!scatter)
    __scatterload_null                       0x000000d9   Thumb Code     0  __scatter.o(!!!scatter)
    __scatterload_copy                       0x00000105   Thumb Code    26  __scatter_copy.o(!!handler_copy)
    __scatterload_zeroinit                   0x00000121   Thumb Code    28  __scatter_zi.o(!!handler_zi)
    __rt_lib_init                            0x0000013d   Thumb Code     0  libinit.o(.ARM.Collect$$libinit$$00000000)
    __rt_lib_init_alloca_1                   0x00000143   Thumb Code     0  libinit2.o(.ARM.Collect$$libinit$$0000002A)
    __rt_lib_init_argv_1                     0x00000143   Thumb Code     0  libinit2.o(.ARM.Collect$$libinit$$00000028)
    __rt_lib_init_atexit_1                   0x00000143   Thumb Code     0  libinit2.o(.ARM.Collect$$libinit$$00000017)
    __rt_lib_init_clock_1                    0x00000143   Thumb Code     0  libinit2.o(.ARM.Collect$$libinit$$0000001D)
    __rt_lib_init_cpp_1                      0x00000143   Thumb Code     0  libinit2.o(.ARM.Collect$$libinit$$0000002E)
    __rt_lib_init_exceptions_1               0x00000143   Thumb Code     0  libinit2.o(.ARM.Collect$$libinit$$0000002C)
    __rt_lib_init_fp_trap_1                  0x00000143   Thumb Code     0  libinit2.o(.ARM.Collect$$libinit$$0000001B)
    __rt_lib_init_getenv_1                   0x00000143   Thumb Code     0  libinit2.o(.ARM.Collect$$libinit$$0000001F)
    __rt_lib_init_heap_1                     0x00000143   Thumb Code     0  libinit2.o(.ARM.Collect$$libinit$$00000006)
    __rt_lib_init_lc_collate_1               0x00000143   Thumb Code     0  libinit2.o(.ARM.Collect$$libinit$$0000000D)
    __rt_lib_init_lc_ctype_1                 0x00000143   Thumb Code     0  libinit2.o(.ARM.Collect$$libinit$$0000000F)
    __rt_lib_init_lc_monetary_1              0x00000143   Thumb Code     0  libinit2.o(.ARM.Collect$$libinit$$00000011)
    __rt_lib_init_lc_numeric_1               0x00000143   Thumb Code     0  libinit2.o(.ARM.Collect$$libinit$$00000013)
    __rt_lib_init_lc_time_1                  0x00000143   Thumb Code     0  libinit2.o(.ARM.Collect$$libinit$$00000015)
    __rt_lib_init_rand_1                     0x00000143   Thumb Code     0  libinit2.o(.ARM.Collect$$libinit$$0000000A)
    __rt_lib_init_return                     0x00000143   Thumb Code     0  libinit2.o(.ARM.Collect$$libinit$$0000002F)
    __rt_lib_init_signal_1                   0x00000143   Thumb Code     0  libinit2.o(.ARM.Collect$$libinit$$00000019)
    __rt_lib_init_stdio_1                    0x00000143   Thumb Code     0  libinit2.o(.ARM.Collect$$libinit$$00000021)
    __rt_lib_init_user_alloc_1               0x00000143   Thumb Code     0  libinit2.o(.ARM.Collect$$libinit$$00000008)
    __rt_lib_shutdown                        0x00000145   Thumb Code     0  libshutdown.o(.ARM.Collect$$libshutdown$$00000000)
    __rt_lib_shutdown_fp_trap_1              0x00000147   Thumb Code     0  libshutdown2.o(.ARM.Collect$$libshutdown$$00000006)
    __rt_lib_shutdown_heap_1                 0x00000147   Thumb Code     0  libshutdown2.o(.ARM.Collect$$libshutdown$$0000000E)
    __rt_lib_shutdown_return                 0x00000147   Thumb Code     0  libshutdown2.o(.ARM.Collect$$libshutdown$$0000000F)
    __rt_lib_shutdown_signal_1               0x00000147   Thumb Code     0  libshutdown2.o(.ARM.Collect$$libshutdown$$00000009)
    __rt_lib_shutdown_stdio_1                0x00000147   Thumb Code     0  libshutdown2.o(.ARM.Collect$$libshutdown$$00000003)
    __rt_lib_shutdown_user_alloc_1           0x00000147   Thumb Code     0  libshutdown2.o(.ARM.Collect$$libshutdown$$0000000B)
    __rt_entry                               0x00000149   Thumb Code     0  rtentry.o(.ARM.Collect$$rtentry$$00000000)
    __rt_entry_presh_1                       0x00000149   Thumb Code     0  rtentry2.o(.ARM.Collect$$rtentry$$00000002)
    __rt_entry_sh                            0x00000149   Thumb Code     0  rtentry4.o(.ARM.Collect$$rtentry$$00000004)
    __rt_entry_li                            0x0000014f   Thumb Code     0  rtentry2.o(.ARM.Collect$$rtentry$$0000000A)
    __rt_entry_postsh_1                      0x0000014f   Thumb Code     0  rtentry2.o(.ARM.Collect$$rtentry$$00000009)
    __rt_entry_main                          0x00000153   Thumb Code     0  rtentry2.o(.ARM.Collect$$rtentry$$0000000D)
    __rt_entry_postli_1                      0x00000153   Thumb Code     0  rtentry2.o(.ARM.Collect$$rtentry$$0000000C)
    __rt_exit                                0x0000015b   Thumb Code     0  rtexit.o(.ARM.Collect$$rtexit$$00000000)
    __rt_exit_ls                             0x0000015d   Thumb Code     0  rtexit2.o(.ARM.Collect$$rtexit$$00000003)
    __rt_exit_prels_1                        0x0000015d   Thumb Code     0  rtexit2.o(.ARM.Collect$$rtexit$$00000002)
    __rt_exit_exit                           0x00000161   Thumb Code     0  rtexit2.o(.ARM.Collect$$rtexit$$00000004)
    SystemCoreClockUpdate                    0x00000169   Thumb Code    76  system_nuc100series.o(.text)
    SystemInit                               0x000001b5   Thumb Code     2  system_nuc100series.o(.text)
    Reset_Handler                            0x00000245   Thumb Code    32  startup_nuc100series.o(.text)
    NMI_Handler                              0x00000265   Thumb Code     2  startup_nuc100series.o(.text)
    HardFault_Handler                        0x00000267   Thumb Code     2  startup_nuc100series.o(.text)
    SVC_Handler                              0x00000269   Thumb Code     2  startup_nuc100series.o(.text)
    PendSV_Handler                           0x0000026b   Thumb Code     2  startup_nuc100series.o(.text)
    SysTick_Handler                          0x0000026d   Thumb Code     2  startup_nuc100series.o(.text)
    ACMP_IRQHandler                          0x0000026f   Thumb Code     0  startup_nuc100series.o(.text)
    ADC_IRQHandler                           0x0000026f   Thumb Code     0  startup_nuc100series.o(.text)
    BOD_IRQHandler                           0x0000026f   Thumb Code     0  startup_nuc100series.o(.text)
    CAN0_IRQHandler                          0x0000026f   Thumb Code     0  startup_nuc100series.o(.text)
    CAN1_IRQHandler                          0x0000026f   Thumb Code     0  startup_nuc100series.o(.text)
    EINT0_IRQHandler                         0x0000026f   Thumb Code     0  startup_nuc100series.o(.text)
    EINT1_IRQHandler                         0x0000026f   Thumb Code     0  startup_nuc100series.o(.text)
    GPAB_IRQHandler                          0x0000026f   Thumb Code     0  startup_nuc100series.o(.text)
    GPCDEF_IRQHandler                        0x0000026f   Thumb Code     0  startup_nuc100series.o(.text)
    I2C0_IRQHandler                          0x0000026f   Thumb Code     0  startup_nuc100series.o(.text)
    I2C1_IRQHandler                          0x0000026f   Thumb Code     0  startup_nuc100series.o(.text)
    I2S_IRQHandler                           0x0000026f   Thumb Code     0  startup_nuc100series.o(.text)
    PDMA_IRQHandler                          0x0000026f   Thumb Code     0  startup_nuc100series.o(.text)
    PS2_IRQHandler                           0x0000026f   Thumb Code     0  startup_nuc100series.o(.text)
    PWMA_IRQHandler                          0x0000026f   Thumb Code     0  startup_nuc100series.o(.text)
    PWMB_IRQHandler                          0x0000026f   Thumb Code     0  startup_nuc100series.o(.text)
    PWRWU_IRQHandler                         0x0000026f   Thumb Code     0  startup_nuc100series.o(.text)
    RTC_IRQHandler                           0x0000026f   Thumb Code     0  startup_nuc100series.o(.text)
    SC012_IRQHandler                         0x0000026f   Thumb Code     0  startup_nuc100series.o(.text)
    SPI0_IRQHandler                          0x0000026f   Thumb Code     0  startup_nuc100series.o(.text)
    SPI1_IRQHandler                          0x0000026f   Thumb Code     0  startup_nuc100series.o(.text)
    SPI2_IRQHandler                          0x0000026f   Thumb Code     0  startup_nuc100series.o(.text)
    SPI3_IRQHandler                          0x0000026f   Thumb Code     0  startup_nuc100series.o(.text)
    TMR0_IRQHandler                          0x0000026f   Thumb Code     0  startup_nuc100series.o(.text)
    TMR1_IRQHandler                          0x0000026f   Thumb Code     0  startup_nuc100series.o(.text)
    TMR2_IRQHandler                          0x0000026f   Thumb Code     0  startup_nuc100series.o(.text)
    TMR3_IRQHandler                          0x0000026f   Thumb Code     0  startup_nuc100series.o(.text)
    UART02_IRQHandler                        0x0000026f   Thumb Code     0  startup_nuc100series.o(.text)
    UART1_IRQHandler                         0x0000026f   Thumb Code     0  startup_nuc100series.o(.text)
    USBD_IRQHandler                          0x0000026f   Thumb Code     0  startup_nuc100series.o(.text)
    WDT_IRQHandler                           0x0000026f   Thumb Code     0  startup_nuc100series.o(.text)
    __user_initial_stackheap                 0x00000271   Thumb Code     0  startup_nuc100series.o(.text)
    init_SPI3                                0x000002a9   Thumb Code    26  lcd.o(.text)
    lcdWriteCommand                          0x000002c3   Thumb Code    54  lcd.o(.text)
    lcdWriteData                             0x000002f9   Thumb Code    58  lcd.o(.text)
    lcdSetAddr                               0x00000333   Thumb Code   174  lcd.o(.text)
    init_LCD                                 0x000003e1   Thumb Code    38  lcd.o(.text)
    clear_LCD                                0x00000407   Thumb Code    84  lcd.o(.text)
    printC                                   0x0000045b   Thumb Code   126  lcd.o(.text)
    printC_5x7                               0x000004d9   Thumb Code    90  lcd.o(.text)
    print_Line                               0x00000533   Thumb Code    36  lcd.o(.text)
    printS                                   0x00000557   Thumb Code    42  lcd.o(.text)
    printS_5x7                               0x00000581   Thumb Code    42  lcd.o(.text)
    draw_Pixel                               0x000005ab   Thumb Code   170  lcd.o(.text)
    draw_Bmp8x8                              0x00000655   Thumb Code   106  lcd.o(.text)
    draw_Bmp32x8                             0x000006bf   Thumb Code    84  lcd.o(.text)
    draw_Bmp120x8                            0x00000713   Thumb Code    84  lcd.o(.text)
    draw_Bmp8x16                             0x00000767   Thumb Code   136  lcd.o(.text)
    draw_Bmp16x8                             0x000007ef   Thumb Code    84  lcd.o(.text)
    draw_Bmp16x16                            0x00000843   Thumb Code   106  lcd.o(.text)
    draw_Bmp16x24                            0x000008ad   Thumb Code   106  lcd.o(.text)
    draw_Bmp16x32                            0x00000917   Thumb Code   106  lcd.o(.text)
    draw_Bmp16x40                            0x00000981   Thumb Code   106  lcd.o(.text)
    draw_Bmp16x48                            0x000009eb   Thumb Code   108  lcd.o(.text)
    draw_Bmp16x64                            0x00000a57   Thumb Code   108  lcd.o(.text)
    draw_Bmp32x16                            0x00000ac3   Thumb Code   142  lcd.o(.text)
    draw_Bmp32x32                            0x00000b51   Thumb Code   142  lcd.o(.text)
    draw_Bmp32x48                            0x00000bdf   Thumb Code   142  lcd.o(.text)
    draw_Bmp32x64                            0x00000c6d   Thumb Code   142  lcd.o(.text)
    draw_Bmp64x64                            0x00000cfb   Thumb Code   142  lcd.o(.text)
    draw_LCD                                 0x00000d89   Thumb Code    52  lcd.o(.text)
    main                                     0x00000dbd   Thumb Code    26  main.o(.text)
    SPI_Open                                 0x00000e53   Thumb Code   514  spi.o(.text)
    SPI_Close                                0x00001055   Thumb Code   158  spi.o(.text)
    SPI_ClearRxFIFO                          0x000010f3   Thumb Code    10  spi.o(.text)
    SPI_ClearTxFIFO                          0x000010fd   Thumb Code    10  spi.o(.text)
    SPI_DisableAutoSS                        0x00001107   Thumb Code    10  spi.o(.text)
    SPI_EnableAutoSS                         0x00001111   Thumb Code    22  spi.o(.text)
    SPI_SetBusClock                          0x00001127   Thumb Code   410  spi.o(.text)
    SPI_EnableFIFO                           0x000012c1   Thumb Code    32  spi.o(.text)
    SPI_DisableFIFO                          0x000012e1   Thumb Code    12  spi.o(.text)
    SPI_GetBusClock                          0x000012ed   Thumb Code   166  spi.o(.text)
    SPI_EnableInt                            0x00001393   Thumb Code   104  spi.o(.text)
    SPI_DisableInt                           0x000013fb   Thumb Code   104  spi.o(.text)
    SPI_GetIntFlag                           0x00001463   Thumb Code   122  spi.o(.text)
    SPI_ClearIntFlag                         0x000014dd   Thumb Code    54  spi.o(.text)
    SPI_GetStatus                            0x00001513   Thumb Code   106  spi.o(.text)
    SYS_Init                                 0x0000158d   Thumb Code   148  sys_init.o(.text)
    CLK_DisableModuleClock                   0x0000162d   Thumb Code    48  clk.o(.text)
    CLK_DisableCKO                           0x0000165d   Thumb Code    10  clk.o(.text)
    CLK_SetModuleClock                       0x00001667   Thumb Code   240  clk.o(.text)
    CLK_EnableModuleClock                    0x00001757   Thumb Code    50  clk.o(.text)
    CLK_EnableCKO                            0x00001789   Thumb Code    36  clk.o(.text)
    CLK_PowerDown                            0x000017ad   Thumb Code    34  clk.o(.text)
    CLK_Idle                                 0x000017cf   Thumb Code    32  clk.o(.text)
    CLK_GetHXTFreq                           0x000017ef   Thumb Code    20  clk.o(.text)
    CLK_GetLXTFreq                           0x00001803   Thumb Code    20  clk.o(.text)
    CLK_GetHCLKFreq                          0x00001817   Thumb Code    12  clk.o(.text)
    CLK_GetPCLKFreq                          0x00001823   Thumb Code    12  clk.o(.text)
    CLK_GetCPUFreq                           0x0000182f   Thumb Code    12  clk.o(.text)
    CLK_SetHCLK                              0x0000183b   Thumb Code   116  clk.o(.text)
    CLK_WaitClockReady                       0x000018af   Thumb Code    34  clk.o(.text)
    CLK_EnablePLL                            0x000018d1   Thumb Code   426  clk.o(.text)
    CLK_SetCoreClock                         0x00001a7b   Thumb Code   152  clk.o(.text)
    CLK_SetSysTickClockSrc                   0x00001b13   Thumb Code    16  clk.o(.text)
    CLK_EnableXtalRC                         0x00001b23   Thumb Code    12  clk.o(.text)
    CLK_DisableXtalRC                        0x00001b2f   Thumb Code    12  clk.o(.text)
    CLK_DisablePLL                           0x00001b3b   Thumb Code    16  clk.o(.text)
    CLK_EnableSysTick                        0x00001b4b   Thumb Code    62  clk.o(.text)
    CLK_DisableSysTick                       0x00001b89   Thumb Code     8  clk.o(.text)
    strlen                                   0x00001c21   Thumb Code    62  strlen.o(.text)
    __aeabi_uidiv                            0x00001c65   Thumb Code     0  aeabi_sdiv.o(.text)
    __aeabi_uidivmod                         0x00001c65   Thumb Code    20  aeabi_sdiv.o(.text)
    __aeabi_idiv                             0x00001c79   Thumb Code     0  aeabi_sdiv.o(.text)
    __aeabi_idivmod                          0x00001c79   Thumb Code   326  aeabi_sdiv.o(.text)
    __use_two_region_memory                  0x00001dbf   Thumb Code     2  heapauxi.o(.text)
    __rt_heap_escrow$2region                 0x00001dc1   Thumb Code     2  heapauxi.o(.text)
    __rt_heap_expand$2region                 0x00001dc3   Thumb Code     2  heapauxi.o(.text)
    __user_setup_stackheap                   0x00001dc5   Thumb Code    62  sys_stackheap_outer.o(.text)
    exit                                     0x00001e03   Thumb Code    12  exit.o(.text)
    __user_libspace                          0x00001e11   Thumb Code     8  libspace.o(.text)
    __user_perproc_libspace                  0x00001e11   Thumb Code     0  libspace.o(.text)
    __user_perthread_libspace                0x00001e11   Thumb Code     0  libspace.o(.text)
    _sys_exit                                0x00001e19   Thumb Code     8  sys_exit.o(.text)
    __I$use$semihosting                      0x00001e25   Thumb Code     0  use_no_semi.o(.text)
    __use_no_semihosting_swi                 0x00001e25   Thumb Code     2  use_no_semi.o(.text)
    __semihosting_library_function           0x00001e27   Thumb Code     0  indicate_semi.o(.text)
    Region$$Table$$Base                      0x00001e60   Number         0  anon$$obj.o(Region$$Table)
    Region$$Table$$Limit                     0x00001e80   Number         0  anon$$obj.o(Region$$Table)
    SystemCoreClock                          0x20000000   Data           4  system_nuc100series.o(.data)
    CyclesPerUs                              0x20000004   Data           4  system_nuc100series.o(.data)
    PllClock                                 0x20000008   Data           4  system_nuc100series.o(.data)
    gau32ClkSrcTbl                           0x2000000c   Data          32  system_nuc100series.o(.data)
    Font8x16                                 0x2000020c   Data        1520  lcd.o(.data)
    DisplayBuffer                            0x200007fc   Data        1024  lcd.o(.bss)
    __libspace_start                         0x20000bfc   Data          96  libspace.o(.bss)
    __temporary_stack_top$libspace           0x20000c5c   Data           0  libspace.o(.bss)



==============================================================================

Memory Map of the image

  Image Entry point : 0x00000245

  Load Region LR_1 (Base: 0x00000000, Size: 0x0000267c, Max: 0xffffffff, ABSOLUTE)

    Execution Region ER_RO (Base: 0x00000000, Size: 0x00001e80, Max: 0xffffffff, ABSOLUTE)

    Base Addr    Size         Type   Attr      Idx    E Section Name        Object

    0x00000000   0x000000c0   Data   RO          118    RESET               startup_nuc100series.o
    0x000000c0   0x00000008   Code   RO          328  * !!!main             c_p.l(__main.o)
    0x000000c8   0x0000003c   Code   RO          492    !!!scatter          c_p.l(__scatter.o)
    0x00000104   0x0000001a   Code   RO          494    !!handler_copy      c_p.l(__scatter_copy.o)
    0x0000011e   0x00000002   PAD
    0x00000120   0x0000001c   Code   RO          496    !!handler_zi        c_p.l(__scatter_zi.o)
    0x0000013c   0x00000006   Code   RO          366    .ARM.Collect$$libinit$$00000000  c_p.l(libinit.o)
    0x00000142   0x00000000   Code   RO          381    .ARM.Collect$$libinit$$00000006  c_p.l(libinit2.o)
    0x00000142   0x00000000   Code   RO          383    .ARM.Collect$$libinit$$00000008  c_p.l(libinit2.o)
    0x00000142   0x00000000   Code   RO          385    .ARM.Collect$$libinit$$0000000A  c_p.l(libinit2.o)
    0x00000142   0x00000000   Code   RO          388    .ARM.Collect$$libinit$$0000000D  c_p.l(libinit2.o)
    0x00000142   0x00000000   Code   RO          390    .ARM.Collect$$libinit$$0000000F  c_p.l(libinit2.o)
    0x00000142   0x00000000   Code   RO          392    .ARM.Collect$$libinit$$00000011  c_p.l(libinit2.o)
    0x00000142   0x00000000   Code   RO          394    .ARM.Collect$$libinit$$00000013  c_p.l(libinit2.o)
    0x00000142   0x00000000   Code   RO          396    .ARM.Collect$$libinit$$00000015  c_p.l(libinit2.o)
    0x00000142   0x00000000   Code   RO          398    .ARM.Collect$$libinit$$00000017  c_p.l(libinit2.o)
    0x00000142   0x00000000   Code   RO          400    .ARM.Collect$$libinit$$00000019  c_p.l(libinit2.o)
    0x00000142   0x00000000   Code   RO          402    .ARM.Collect$$libinit$$0000001B  c_p.l(libinit2.o)
    0x00000142   0x00000000   Code   RO          404    .ARM.Collect$$libinit$$0000001D  c_p.l(libinit2.o)
    0x00000142   0x00000000   Code   RO          406    .ARM.Collect$$libinit$$0000001F  c_p.l(libinit2.o)
    0x00000142   0x00000000   Code   RO          408    .ARM.Collect$$libinit$$00000021  c_p.l(libinit2.o)
    0x00000142   0x00000000   Code   RO          412    .ARM.Collect$$libinit$$00000028  c_p.l(libinit2.o)
    0x00000142   0x00000000   Code   RO          414    .ARM.Collect$$libinit$$0000002A  c_p.l(libinit2.o)
    0x00000142   0x00000000   Code   RO          416    .ARM.Collect$$libinit$$0000002C  c_p.l(libinit2.o)
    0x00000142   0x00000000   Code   RO          418    .ARM.Collect$$libinit$$0000002E  c_p.l(libinit2.o)
    0x00000142   0x00000002   Code   RO          419    .ARM.Collect$$libinit$$0000002F  c_p.l(libinit2.o)
    0x00000144   0x00000002   Code   RO          450    .ARM.Collect$$libshutdown$$00000000  c_p.l(libshutdown.o)
    0x00000146   0x00000000   Code   RO          477    .ARM.Collect$$libshutdown$$00000003  c_p.l(libshutdown2.o)
    0x00000146   0x00000000   Code   RO          480    .ARM.Collect$$libshutdown$$00000006  c_p.l(libshutdown2.o)
    0x00000146   0x00000000   Code   RO          483    .ARM.Collect$$libshutdown$$00000009  c_p.l(libshutdown2.o)
    0x00000146   0x00000000   Code   RO          485    .ARM.Collect$$libshutdown$$0000000B  c_p.l(libshutdown2.o)
    0x00000146   0x00000000   Code   RO          488    .ARM.Collect$$libshutdown$$0000000E  c_p.l(libshutdown2.o)
    0x00000146   0x00000002   Code   RO          489    .ARM.Collect$$libshutdown$$0000000F  c_p.l(libshutdown2.o)
    0x00000148   0x00000000   Code   RO          330    .ARM.Collect$$rtentry$$00000000  c_p.l(rtentry.o)
    0x00000148   0x00000000   Code   RO          336    .ARM.Collect$$rtentry$$00000002  c_p.l(rtentry2.o)
    0x00000148   0x00000006   Code   RO          348    .ARM.Collect$$rtentry$$00000004  c_p.l(rtentry4.o)
    0x0000014e   0x00000000   Code   RO          338    .ARM.Collect$$rtentry$$00000009  c_p.l(rtentry2.o)
    0x0000014e   0x00000004   Code   RO          339    .ARM.Collect$$rtentry$$0000000A  c_p.l(rtentry2.o)
    0x00000152   0x00000000   Code   RO          341    .ARM.Collect$$rtentry$$0000000C  c_p.l(rtentry2.o)
    0x00000152   0x00000008   Code   RO          342    .ARM.Collect$$rtentry$$0000000D  c_p.l(rtentry2.o)
    0x0000015a   0x00000002   Code   RO          371    .ARM.Collect$$rtexit$$00000000  c_p.l(rtexit.o)
    0x0000015c   0x00000000   Code   RO          425    .ARM.Collect$$rtexit$$00000002  c_p.l(rtexit2.o)
    0x0000015c   0x00000004   Code   RO          426    .ARM.Collect$$rtexit$$00000003  c_p.l(rtexit2.o)
    0x00000160   0x00000006   Code   RO          427    .ARM.Collect$$rtexit$$00000004  c_p.l(rtexit2.o)
    0x00000166   0x00000002   PAD
    0x00000168   0x000000dc   Code   RO           19    .text               system_nuc100series.o
    0x00000244   0x00000064   Code   RO          119  * .text               startup_nuc100series.o
    0x000002a8   0x00000b14   Code   RO          125    .text               lcd.o
    0x00000dbc   0x0000002c   Code   RO          189    .text               main.o
    0x00000de8   0x000007a4   Code   RO          249    .text               spi.o
    0x0000158c   0x000000a0   Code   RO          272    .text               sys_init.o
    0x0000162c   0x000005f4   Code   RO          301    .text               clk.o
    0x00001c20   0x00000044   Code   RO          320    .text               c_p.l(strlen.o)
    0x00001c64   0x0000015a   Code   RO          322    .text               c_p.l(aeabi_sdiv.o)
    0x00001dbe   0x00000006   Code   RO          326    .text               c_p.l(heapauxi.o)
    0x00001dc4   0x0000003e   Code   RO          352    .text               c_p.l(sys_stackheap_outer.o)
    0x00001e02   0x0000000c   Code   RO          355    .text               c_p.l(exit.o)
    0x00001e0e   0x00000002   PAD
    0x00001e10   0x00000008   Code   RO          367    .text               c_p.l(libspace.o)
    0x00001e18   0x0000000c   Code   RO          422    .text               c_p.l(sys_exit.o)
    0x00001e24   0x00000002   Code   RO          439    .text               c_p.l(use_no_semi.o)
    0x00001e26   0x00000000   Code   RO          441    .text               c_p.l(indicate_semi.o)
    0x00001e26   0x00000002   PAD
    0x00001e28   0x00000038   Data   RO          302    .constdata          clk.o
    0x00001e60   0x00000020   Data   RO          490    Region$$Table       anon$$obj.o


    Execution Region ER_RW (Base: 0x20000000, Size: 0x000007fc, Max: 0xffffffff, ABSOLUTE)

    Base Addr    Size         Type   Attr      Idx    E Section Name        Object

    0x20000000   0x0000002c   Data   RW           20    .data               system_nuc100series.o
    0x2000002c   0x000007d0   Data   RW          127    .data               lcd.o


    Execution Region ER_ZI (Base: 0x200007fc, Size: 0x00000864, Max: 0xffffffff, ABSOLUTE)

    Base Addr    Size         Type   Attr      Idx    E Section Name        Object

    0x200007fc   0x00000400   Zero   RW          126    .bss                lcd.o
    0x20000bfc   0x00000060   Zero   RW          368    .bss                c_p.l(libspace.o)
    0x20000c5c   0x00000004   PAD
    0x20000c60   0x00000000   Zero   RW          117    HEAP                startup_nuc100series.o
    0x20000c60   0x00000400   Zero   RW          116    STACK               startup_nuc100series.o


==============================================================================

Image component sizes


      Code (inc. data)   RO Data    RW Data    ZI Data      Debug   Object Name

      1524        110         56          0          0       6167   clk.o
         0          0          0          0          0       4188   core_cm0.o
      2836         20          0       2000       1024      16154   lcd.o
        44         18          0          0          0        375   main.o
      1956         46          0          0          0       5886   spi.o
       100         46        192          0       1024        760   startup_nuc100series.o
       160         12          0          0          0      35071   sys_init.o
       220         36          0         44          0     113341   system_nuc100series.o

    ----------------------------------------------------------------------
      6840        288        280       2044       2048     181942   Object Totals
         0          0         32          0          0          0   (incl. Generated)
         0          0          0          0          0          0   (incl. Padding)

    ----------------------------------------------------------------------

      Code (inc. data)   RO Data    RW Data    ZI Data      Debug   Library Member Name

         8          0          0          0          0         68   __main.o
        60          8          0          0          0          0   __scatter.o
        26          0          0          0          0          0   __scatter_copy.o
        28          0          0          0          0          0   __scatter_zi.o
       346          0          0          0          0         92   aeabi_sdiv.o
        12          0          0          0          0         64   exit.o
         6          0          0          0          0        136   heapauxi.o
         0          0          0          0          0          0   indicate_semi.o
         6          0          0          0          0          0   libinit.o
         2          0          0          0          0          0   libinit2.o
         2          0          0          0          0          0   libshutdown.o
         2          0          0          0          0          0   libshutdown2.o
         8          4          0          0         96         68   libspace.o
         0          0          0          0          0          0   rtentry.o
        12          0          0          0          0          0   rtentry2.o
         6          0          0          0          0          0   rtentry4.o
         2          0          0          0          0          0   rtexit.o
        10          0          0          0          0          0   rtexit2.o
        68          6          0          0          0         72   strlen.o
        12          4          0          0          0         60   sys_exit.o
        62          0          0          0          0         80   sys_stackheap_outer.o
         2          0          0          0          0         68   use_no_semi.o

    ----------------------------------------------------------------------
       688         22          0          0        100        708   Library Totals
         8          0          0          0          4          0   (incl. Padding)

    ----------------------------------------------------------------------

      Code (inc. data)   RO Data    RW Data    ZI Data      Debug   Library Name

       680         22          0          0         96        708   c_p.l

    ----------------------------------------------------------------------
       688         22          0          0        100        708   Library Totals

    ----------------------------------------------------------------------

==============================================================================


      Code (inc. data)   RO Data    RW Data    ZI Data      Debug   

      7528        310        280       2044       2148     181906   Grand Totals
      7528        310        280       2044       2148     181906   ELF Image Totals
      7528        310        280       2044          0          0   ROM Totals

==============================================================================

    Total RO  Size (Code + RO Data)                 7808 (   7.63kB)
    Total RW  Size (RW Data + ZI Data)              4192 (   4.09kB)
    Total ROM Size (Code + RO Data + RW Data)       9852 (   9.62kB)

==============================================================================

